../Drivers/CMSIS/Include/core_cm4.h:2064:26:ITM_SendChar	16	static,ignoring_inline_asm
../Core/Src/main.c:99:5:_write	32	static
../Core/Src/main.c:104:6:BMP280_Init	56	static
../Core/Src/main.c:122:7:BMP280_ReadAltitude	368	static
../Core/Src/main.c:158:5:main	64	static
../Core/Src/main.c:243:6:SystemClock_Config	88	static
../Core/Src/main.c:289:13:MX_I2C1_Init	8	static
../Core/Src/main.c:323:13:MX_I2S3_Init	8	static
../Core/Src/main.c:357:13:MX_SPI1_Init	8	static
../Core/Src/main.c:395:13:MX_USART2_UART_Init	8	static
../Core/Src/main.c:428:13:MX_GPIO_Init	56	static
../Core/Src/main.c:522:7:convertToDecimal	32	static
../Core/Src/main.c:535:6:HAL_UART_RxCpltCallback	24	static
../Core/Src/main.c:573:6:Error_Handler	4	static,ignoring_inline_asm
