../Core/Src/main.c:44:5:main	8	static
../Core/Src/main.c:89:6:SystemClock_Config	88	static
../Core/Src/main.c:116:13:MX_I2C1_Init	8	static
../Core/Src/main.c:130:13:MX_I2S3_Init	8	static
../Core/Src/main.c:144:13:MX_SPI1_Init	8	static
../Core/Src/main.c:161:13:MX_USART2_UART_Init	8	static
../Core/Src/main.c:174:13:MX_USART3_UART_Init	8	static
../Core/Src/main.c:187:13:MX_GPIO_Init	56	static
../Core/Src/main.c:256:6:HAL_UART_RxCpltCallback	16	static
../Core/Src/main.c:265:6:Error_Handler	4	static,ignoring_inline_asm
